// Jest Snapshot v1, https://goo.gl/fbAQLP

exports[`계산기 테스트 정해진 계산기 모양과 같게 표시되는 지 테스트 (√ 버튼을 추가했는 지) 1`] = `
<div>
  <div
    class="sc-EHOje fKXSMh"
  >
    <div
      class="sc-bdVaJa djxKOg"
    >
      <div
        class="sc-bwzfXH dLCcAN"
      >
        <div
          data-testid="display"
        />
      </div>
      <div
        class="sc-htpNat NNsK"
        data-testid="group"
      >
        <div
          class="sc-bxivhb dRcqyj"
          size="1"
        >
          <button
            data-color="gray"
          >
            AC
          </button>
        </div>
        <div
          class="sc-bxivhb dRcqyj"
          size="1"
        >
          <button
            data-color="gray"
          >
            BS
          </button>
        </div>
        <div
          class="sc-bxivhb dRcqyj"
          size="1"
        >
          <button
            data-color="gray"
          >
            √
          </button>
        </div>
        <div
          class="sc-bxivhb dRcqyj"
          size="1"
        >
          <button
            data-color="gray"
          >
            ÷
          </button>
        </div>
        <div
          class="sc-bxivhb dRcqyj"
          size="1"
        >
          <button>
            7
          </button>
        </div>
        <div
          class="sc-bxivhb dRcqyj"
          size="1"
        >
          <button>
            8
          </button>
        </div>
        <div
          class="sc-bxivhb dRcqyj"
          size="1"
        >
          <button>
            9
          </button>
        </div>
        <div
          class="sc-bxivhb dRcqyj"
          size="1"
        >
          <button
            data-color="gray"
          >
            ×
          </button>
        </div>
        <div
          class="sc-bxivhb dRcqyj"
          size="1"
        >
          <button>
            4
          </button>
        </div>
        <div
          class="sc-bxivhb dRcqyj"
          size="1"
        >
          <button>
            5
          </button>
        </div>
        <div
          class="sc-bxivhb dRcqyj"
          size="1"
        >
          <button>
            6
          </button>
        </div>
        <div
          class="sc-bxivhb dRcqyj"
          size="1"
        >
          <button
            data-color="gray"
          >
            -
          </button>
        </div>
        <div
          class="sc-bxivhb dRcqyj"
          size="1"
        >
          <button>
            1
          </button>
        </div>
        <div
          class="sc-bxivhb dRcqyj"
          size="1"
        >
          <button>
            2
          </button>
        </div>
        <div
          class="sc-bxivhb dRcqyj"
          size="1"
        >
          <button>
            3
          </button>
        </div>
        <div
          class="sc-bxivhb dRcqyj"
          size="1"
        >
          <button
            data-color="gray"
          >
            +
          </button>
        </div>
        <div
          class="sc-bxivhb eTNCAz"
          size="2"
        >
          <button>
            0
          </button>
        </div>
        <div
          class="sc-bxivhb dRcqyj"
          size="1"
        >
          <button>
            .
          </button>
        </div>
        <div
          class="sc-bxivhb dRcqyj"
          size="1"
        >
          <button
            data-color="gray"
          >
            =
          </button>
        </div>
      </div>
    </div>
    <div
      class="sc-ifAKCX hGKQdm"
    />
  </div>
</div>
`;
